<?xml version="1.0" encoding="ISO-8859-1" ?>
<link_info>
   <banner>TI ARM Linker PC v20.2.7.LTS</banner>
   <copyright>Copyright (c) 1996-2018 Texas Instruments Incorporated</copyright>
   <link_time>0x66be3764</link_time>
   <link_errors>0x0</link_errors>
   <output_file>MINI_Project.out</output_file>
   <entry_point>
      <name>_c_int00_noargs</name>
      <address>0x15fd</address>
   </entry_point>
   <input_file_list>
      <input_file id="fl-2">
         <path>.\</path>
         <kind>object</kind>
         <file>main.obj</file>
         <name>main.obj</name>
      </input_file>
      <input_file id="fl-3">
         <path>.\</path>
         <kind>object</kind>
         <file>sc4c1290kcpdt_startup_ccs.obj</file>
         <name>sc4c1290kcpdt_startup_ccs.obj</name>
      </input_file>
      <input_file id="fl-4">
         <path>.\HAL\PB\</path>
         <kind>object</kind>
         <file>PB.obj</file>
         <name>PB.obj</name>
      </input_file>
      <input_file id="fl-5">
         <path>.\HAL\SSD\</path>
         <kind>object</kind>
         <file>SSD.obj</file>
         <name>SSD.obj</name>
      </input_file>
      <input_file id="fl-6">
         <path>.\MCAL\DIO\</path>
         <kind>object</kind>
         <file>DIO_Program.obj</file>
         <name>DIO_Program.obj</name>
      </input_file>
      <input_file id="fl-7">
         <path>.\MCAL\RCC\</path>
         <kind>object</kind>
         <file>PLL_Config.obj</file>
         <name>PLL_Config.obj</name>
      </input_file>
      <input_file id="fl-8">
         <path>.\MCAL\RCC\</path>
         <kind>object</kind>
         <file>RCC_Program.obj</file>
         <name>RCC_Program.obj</name>
      </input_file>
      <input_file id="fl-9">
         <path>.\MCAL\SYSTICK\</path>
         <kind>object</kind>
         <file>SYSTICK_Config.obj</file>
         <name>SYSTICK_Config.obj</name>
      </input_file>
      <input_file id="fl-a">
         <path>.\MCAL\SYSTICK\</path>
         <kind>object</kind>
         <file>SYSTICK_Program.obj</file>
         <name>SYSTICK_Program.obj</name>
      </input_file>
      <input_file id="fl-e">
         <kind>object</kind>
         <file>&lt;internal&gt;</file>
         <name>&lt;internal&gt;</name>
      </input_file>
      <input_file id="fl-c4">
         <path>C:\ti\ccs1271\ccs\tools\compiler\ti-cgt-arm_20.2.7.LTS\lib\</path>
         <kind>archive</kind>
         <file>rtsv7M4_T_le_v4SPD16_eabi.lib</file>
         <name>copy_zero_init.c.obj</name>
      </input_file>
      <input_file id="fl-c5">
         <path>C:\ti\ccs1271\ccs\tools\compiler\ti-cgt-arm_20.2.7.LTS\lib\</path>
         <kind>archive</kind>
         <file>rtsv7M4_T_le_v4SPD16_eabi.lib</file>
         <name>copy_decompress_none.c.obj</name>
      </input_file>
      <input_file id="fl-c6">
         <path>C:\ti\ccs1271\ccs\tools\compiler\ti-cgt-arm_20.2.7.LTS\lib\</path>
         <kind>archive</kind>
         <file>rtsv7M4_T_le_v4SPD16_eabi.lib</file>
         <name>copy_decompress_lzss.c.obj</name>
      </input_file>
      <input_file id="fl-c7">
         <path>C:\ti\ccs1271\ccs\tools\compiler\ti-cgt-arm_20.2.7.LTS\lib\</path>
         <kind>archive</kind>
         <file>rtsv7M4_T_le_v4SPD16_eabi.lib</file>
         <name>boot_cortex_m.c.obj</name>
      </input_file>
      <input_file id="fl-c8">
         <path>C:\ti\ccs1271\ccs\tools\compiler\ti-cgt-arm_20.2.7.LTS\lib\</path>
         <kind>archive</kind>
         <file>rtsv7M4_T_le_v4SPD16_eabi.lib</file>
         <name>memcpy_t2.asm.obj</name>
      </input_file>
      <input_file id="fl-c9">
         <path>C:\ti\ccs1271\ccs\tools\compiler\ti-cgt-arm_20.2.7.LTS\lib\</path>
         <kind>archive</kind>
         <file>rtsv7M4_T_le_v4SPD16_eabi.lib</file>
         <name>memset_t2.asm.obj</name>
      </input_file>
      <input_file id="fl-ca">
         <path>C:\ti\ccs1271\ccs\tools\compiler\ti-cgt-arm_20.2.7.LTS\lib\</path>
         <kind>archive</kind>
         <file>rtsv7M4_T_le_v4SPD16_eabi.lib</file>
         <name>autoinit.c.obj</name>
      </input_file>
      <input_file id="fl-cb">
         <path>C:\ti\ccs1271\ccs\tools\compiler\ti-cgt-arm_20.2.7.LTS\lib\</path>
         <kind>archive</kind>
         <file>rtsv7M4_T_le_v4SPD16_eabi.lib</file>
         <name>pre_init.c.obj</name>
      </input_file>
      <input_file id="fl-cc">
         <path>C:\ti\ccs1271\ccs\tools\compiler\ti-cgt-arm_20.2.7.LTS\lib\</path>
         <kind>archive</kind>
         <file>rtsv7M4_T_le_v4SPD16_eabi.lib</file>
         <name>cpy_tbl.c.obj</name>
      </input_file>
      <input_file id="fl-cd">
         <path>C:\ti\ccs1271\ccs\tools\compiler\ti-cgt-arm_20.2.7.LTS\lib\</path>
         <kind>archive</kind>
         <file>rtsv7M4_T_le_v4SPD16_eabi.lib</file>
         <name>exit.c.obj</name>
      </input_file>
      <input_file id="fl-ce">
         <path>C:\ti\ccs1271\ccs\tools\compiler\ti-cgt-arm_20.2.7.LTS\lib\</path>
         <kind>archive</kind>
         <file>rtsv7M4_T_le_v4SPD16_eabi.lib</file>
         <name>_lock.c.obj</name>
      </input_file>
      <input_file id="fl-cf">
         <path>C:\ti\ccs1271\ccs\tools\compiler\ti-cgt-arm_20.2.7.LTS\lib\</path>
         <kind>archive</kind>
         <file>rtsv7M4_T_le_v4SPD16_eabi.lib</file>
         <name>args_main.c.obj</name>
      </input_file>
   </input_file_list>
   <object_component_list>
      <object_component id="oc-12">
         <name>.intvecs</name>
         <load_address>0x0</load_address>
         <run_address>0x0</run_address>
         <size>0x208</size>
         <input_file_ref idref="fl-3"/>
      </object_component>
      <object_component id="oc-12c">
         <name>.text</name>
         <load_address>0x208</load_address>
         <run_address>0x208</run_address>
         <size>0xe50</size>
         <input_file_ref idref="fl-6"/>
      </object_component>
      <object_component id="oc-ce">
         <name>.text</name>
         <load_address>0x1058</load_address>
         <run_address>0x1058</run_address>
         <size>0x188</size>
         <input_file_ref idref="fl-8"/>
      </object_component>
      <object_component id="oc-9b">
         <name>.text</name>
         <load_address>0x11e0</load_address>
         <run_address>0x11e0</run_address>
         <size>0x14c</size>
         <input_file_ref idref="fl-2"/>
      </object_component>
      <object_component id="oc-c8">
         <name>.text</name>
         <load_address>0x132c</load_address>
         <run_address>0x132c</run_address>
         <size>0xc4</size>
         <input_file_ref idref="fl-a"/>
      </object_component>
      <object_component id="oc-3b">
         <name>.text</name>
         <load_address>0x13f0</load_address>
         <run_address>0x13f0</run_address>
         <size>0x9c</size>
         <input_file_ref idref="fl-c8"/>
      </object_component>
      <object_component id="oc-d4">
         <name>.text</name>
         <load_address>0x148c</load_address>
         <run_address>0x148c</run_address>
         <size>0x88</size>
         <input_file_ref idref="fl-5"/>
      </object_component>
      <object_component id="oc-15">
         <name>.text:decompress:lzss:__TI_decompress_lzss</name>
         <load_address>0x1514</load_address>
         <run_address>0x1514</run_address>
         <size>0x68</size>
         <input_file_ref idref="fl-c6"/>
      </object_component>
      <object_component id="oc-fa">
         <name>.text:__TI_auto_init_nobinit_nopinit:__TI_auto_init_nobinit_nopinit</name>
         <load_address>0x157c</load_address>
         <run_address>0x157c</run_address>
         <size>0x44</size>
         <input_file_ref idref="fl-ca"/>
      </object_component>
      <object_component id="oc-c2">
         <name>.text</name>
         <load_address>0x15c0</load_address>
         <run_address>0x15c0</run_address>
         <size>0x3a</size>
         <input_file_ref idref="fl-4"/>
      </object_component>
      <object_component id="oc-59">
         <name>.text:_c_int00_noargs:_c_int00_noargs</name>
         <load_address>0x15fc</load_address>
         <run_address>0x15fc</run_address>
         <size>0x34</size>
         <input_file_ref idref="fl-c7"/>
      </object_component>
      <object_component id="oc-1b">
         <name>.text:decompress:none:__TI_decompress_none</name>
         <load_address>0x1630</load_address>
         <run_address>0x1630</run_address>
         <size>0xe</size>
         <input_file_ref idref="fl-c5"/>
      </object_component>
      <object_component id="oc-27">
         <name>.text</name>
         <load_address>0x163e</load_address>
         <run_address>0x163e</run_address>
         <size>0xc</size>
         <input_file_ref idref="fl-3"/>
      </object_component>
      <object_component id="oc-95">
         <name>.text:_system_pre_init</name>
         <load_address>0x164a</load_address>
         <run_address>0x164a</run_address>
         <size>0x4</size>
         <input_file_ref idref="fl-cb"/>
      </object_component>
      <object_component id="oc-ee">
         <name>.text:abort:abort</name>
         <load_address>0x164e</load_address>
         <run_address>0x164e</run_address>
         <size>0x4</size>
         <input_file_ref idref="fl-cd"/>
      </object_component>
      <object_component id="oc-e0">
         <name>.const:Systick_Config1000</name>
         <load_address>0x1652</load_address>
         <run_address>0x1652</run_address>
         <size>0x3</size>
         <input_file_ref idref="fl-9"/>
      </object_component>
      <object_component id="oc-da">
         <name>.const:Systick_Config30</name>
         <load_address>0x1655</load_address>
         <run_address>0x1655</run_address>
         <size>0x3</size>
         <input_file_ref idref="fl-9"/>
      </object_component>
      <object_component id="oc-1e8">
         <name>.cinit..data.load</name>
         <load_address>0x1658</load_address>
         <run_address>0x1658</run_address>
         <size>0x27</size>
      </object_component>
      <object_component id="oc-1e6">
         <name>__TI_handler_table</name>
         <load_address>0x1680</load_address>
         <run_address>0x1680</run_address>
         <size>0x8</size>
      </object_component>
      <object_component id="oc-1e7">
         <name>__TI_cinit_table</name>
         <load_address>0x1688</load_address>
         <run_address>0x1688</run_address>
         <size>0x8</size>
      </object_component>
      <object_component id="oc-dd">
         <name>.data</name>
         <load_address>0x20000230</load_address>
         <run_address>0x20000230</run_address>
         <size>0x1</size>
         <input_file_ref idref="fl-2"/>
      </object_component>
      <object_component id="oc-13a">
         <name>.data:arr</name>
         <load_address>0x20000200</load_address>
         <run_address>0x20000200</run_address>
         <size>0x28</size>
         <input_file_ref idref="fl-5"/>
      </object_component>
      <object_component id="oc-166">
         <name>.data</name>
         <load_address>0x20000228</load_address>
         <run_address>0x20000228</run_address>
         <size>0x4</size>
         <input_file_ref idref="fl-6"/>
      </object_component>
      <object_component id="oc-133">
         <name>.data</name>
         <load_address>0x2000022c</load_address>
         <run_address>0x2000022c</run_address>
         <size>0x4</size>
         <input_file_ref idref="fl-a"/>
      </object_component>
      <object_component id="oc-24">
         <name>.stack</name>
         <uninitialized>true</uninitialized>
         <run_address>0x20000000</run_address>
         <size>0x4</size>
         <input_file_ref idref="fl-c7"/>
      </object_component>
      <object_component id="oc-1ea">
         <name>.stack</name>
         <uninitialized>true</uninitialized>
         <run_address>0x20000000</run_address>
         <size>0x0</size>
      </object_component>
      <object_component id="oc-145">
         <name>.debug_info</name>
         <load_address>0x0</load_address>
         <run_address>0x0</run_address>
         <size>0x3c3</size>
         <input_file_ref idref="fl-2"/>
      </object_component>
      <object_component id="oc-de">
         <name>.debug_info</name>
         <load_address>0x3c3</load_address>
         <run_address>0x3c3</run_address>
         <size>0xd4</size>
         <input_file_ref idref="fl-2"/>
      </object_component>
      <object_component id="oc-9f">
         <name>.debug_info</name>
         <load_address>0x497</load_address>
         <run_address>0x497</run_address>
         <size>0x2c5</size>
         <input_file_ref idref="fl-2"/>
      </object_component>
      <object_component id="oc-176">
         <name>.debug_info</name>
         <load_address>0x75c</load_address>
         <run_address>0x75c</run_address>
         <size>0x9b</size>
         <input_file_ref idref="fl-2"/>
      </object_component>
      <object_component id="oc-16f">
         <name>.debug_info</name>
         <load_address>0x7f7</load_address>
         <run_address>0x7f7</run_address>
         <size>0x72</size>
         <input_file_ref idref="fl-2"/>
      </object_component>
      <object_component id="oc-182">
         <name>.debug_info</name>
         <load_address>0x869</load_address>
         <run_address>0x869</run_address>
         <size>0x89</size>
         <input_file_ref idref="fl-2"/>
      </object_component>
      <object_component id="oc-e4">
         <name>.debug_info</name>
         <load_address>0x8f2</load_address>
         <run_address>0x8f2</run_address>
         <size>0x5e</size>
         <input_file_ref idref="fl-2"/>
      </object_component>
      <object_component id="oc-36">
         <name>.debug_info</name>
         <load_address>0x950</load_address>
         <run_address>0x950</run_address>
         <size>0x84</size>
         <input_file_ref idref="fl-2"/>
      </object_component>
      <object_component id="oc-e9">
         <name>.debug_info</name>
         <load_address>0x9d4</load_address>
         <run_address>0x9d4</run_address>
         <size>0xef</size>
         <input_file_ref idref="fl-2"/>
      </object_component>
      <object_component id="oc-2f">
         <name>.debug_info</name>
         <load_address>0xac3</load_address>
         <run_address>0xac3</run_address>
         <size>0x2b0</size>
         <input_file_ref idref="fl-3"/>
      </object_component>
      <object_component id="oc-13">
         <name>.debug_info</name>
         <load_address>0xd73</load_address>
         <run_address>0xd73</run_address>
         <size>0xef</size>
         <input_file_ref idref="fl-3"/>
      </object_component>
      <object_component id="oc-2a">
         <name>.debug_info</name>
         <load_address>0xe62</load_address>
         <run_address>0xe62</run_address>
         <size>0x26e</size>
         <input_file_ref idref="fl-3"/>
      </object_component>
      <object_component id="oc-70">
         <name>.debug_info</name>
         <load_address>0x10d0</load_address>
         <run_address>0x10d0</run_address>
         <size>0x26b</size>
         <input_file_ref idref="fl-3"/>
      </object_component>
      <object_component id="oc-ad">
         <name>.debug_info</name>
         <load_address>0x133b</load_address>
         <run_address>0x133b</run_address>
         <size>0x2a4</size>
         <input_file_ref idref="fl-3"/>
      </object_component>
      <object_component id="oc-75">
         <name>.debug_info</name>
         <load_address>0x15df</load_address>
         <run_address>0x15df</run_address>
         <size>0xbb</size>
         <input_file_ref idref="fl-3"/>
      </object_component>
      <object_component id="oc-c5">
         <name>.debug_info</name>
         <load_address>0x169a</load_address>
         <run_address>0x169a</run_address>
         <size>0x218</size>
         <input_file_ref idref="fl-4"/>
      </object_component>
      <object_component id="oc-17d">
         <name>.debug_info</name>
         <load_address>0x18b2</load_address>
         <run_address>0x18b2</run_address>
         <size>0x323</size>
         <input_file_ref idref="fl-5"/>
      </object_component>
      <object_component id="oc-13b">
         <name>.debug_info</name>
         <load_address>0x1bd5</load_address>
         <run_address>0x1bd5</run_address>
         <size>0xcf</size>
         <input_file_ref idref="fl-5"/>
      </object_component>
      <object_component id="oc-d5">
         <name>.debug_info</name>
         <load_address>0x1ca4</load_address>
         <run_address>0x1ca4</run_address>
         <size>0x2ab</size>
         <input_file_ref idref="fl-5"/>
      </object_component>
      <object_component id="oc-16a">
         <name>.debug_info</name>
         <load_address>0x1f4f</load_address>
         <run_address>0x1f4f</run_address>
         <size>0x2a8</size>
         <input_file_ref idref="fl-6"/>
      </object_component>
      <object_component id="oc-167">
         <name>.debug_info</name>
         <load_address>0x21f7</load_address>
         <run_address>0x21f7</run_address>
         <size>0xf2</size>
         <input_file_ref idref="fl-6"/>
      </object_component>
      <object_component id="oc-12d">
         <name>.debug_info</name>
         <load_address>0x22e9</load_address>
         <run_address>0x22e9</run_address>
         <size>0x8e8</size>
         <input_file_ref idref="fl-6"/>
      </object_component>
      <object_component id="oc-139">
         <name>.debug_info</name>
         <load_address>0x2bd1</load_address>
         <run_address>0x2bd1</run_address>
         <size>0x284</size>
         <input_file_ref idref="fl-8"/>
      </object_component>
      <object_component id="oc-cf">
         <name>.debug_info</name>
         <load_address>0x2e55</load_address>
         <run_address>0x2e55</run_address>
         <size>0x230</size>
         <input_file_ref idref="fl-8"/>
      </object_component>
      <object_component id="oc-140">
         <name>.debug_info</name>
         <load_address>0x3085</load_address>
         <run_address>0x3085</run_address>
         <size>0xeb</size>
         <input_file_ref idref="fl-9"/>
      </object_component>
      <object_component id="oc-e1">
         <name>.debug_info</name>
         <load_address>0x3170</load_address>
         <run_address>0x3170</run_address>
         <size>0xfd</size>
         <input_file_ref idref="fl-9"/>
      </object_component>
      <object_component id="oc-db">
         <name>.debug_info</name>
         <load_address>0x326d</load_address>
         <run_address>0x326d</run_address>
         <size>0xf9</size>
         <input_file_ref idref="fl-9"/>
      </object_component>
      <object_component id="oc-137">
         <name>.debug_info</name>
         <load_address>0x3366</load_address>
         <run_address>0x3366</run_address>
         <size>0x28f</size>
         <input_file_ref idref="fl-a"/>
      </object_component>
      <object_component id="oc-134">
         <name>.debug_info</name>
         <load_address>0x35f5</load_address>
         <run_address>0x35f5</run_address>
         <size>0xef</size>
         <input_file_ref idref="fl-a"/>
      </object_component>
      <object_component id="oc-cb">
         <name>.debug_info</name>
         <load_address>0x36e4</load_address>
         <run_address>0x36e4</run_address>
         <size>0x372</size>
         <input_file_ref idref="fl-a"/>
      </object_component>
      <object_component id="oc-46">
         <name>.debug_info</name>
         <load_address>0x3a56</load_address>
         <run_address>0x3a56</run_address>
         <size>0x2a8</size>
         <input_file_ref idref="fl-c5"/>
      </object_component>
      <object_component id="oc-1c">
         <name>.debug_info</name>
         <load_address>0x3cfe</load_address>
         <run_address>0x3cfe</run_address>
         <size>0x1ea</size>
         <input_file_ref idref="fl-c5"/>
      </object_component>
      <object_component id="oc-41">
         <name>.debug_info</name>
         <load_address>0x3ee8</load_address>
         <run_address>0x3ee8</run_address>
         <size>0x46</size>
         <input_file_ref idref="fl-c5"/>
      </object_component>
      <object_component id="oc-81">
         <name>.debug_info</name>
         <load_address>0x3f2e</load_address>
         <run_address>0x3f2e</run_address>
         <size>0x2c</size>
         <input_file_ref idref="fl-c5"/>
      </object_component>
      <object_component id="oc-7f">
         <name>.debug_info</name>
         <load_address>0x3f5a</load_address>
         <run_address>0x3f5a</run_address>
         <size>0x29e</size>
         <input_file_ref idref="fl-c6"/>
      </object_component>
      <object_component id="oc-16">
         <name>.debug_info</name>
         <load_address>0x41f8</load_address>
         <run_address>0x41f8</run_address>
         <size>0x250</size>
         <input_file_ref idref="fl-c6"/>
      </object_component>
      <object_component id="oc-31">
         <name>.debug_info</name>
         <load_address>0x4448</load_address>
         <run_address>0x4448</run_address>
         <size>0x60</size>
         <input_file_ref idref="fl-c6"/>
      </object_component>
      <object_component id="oc-b2">
         <name>.debug_info</name>
         <load_address>0x44a8</load_address>
         <run_address>0x44a8</run_address>
         <size>0x46</size>
         <input_file_ref idref="fl-c6"/>
      </object_component>
      <object_component id="oc-7a">
         <name>.debug_info</name>
         <load_address>0x44ee</load_address>
         <run_address>0x44ee</run_address>
         <size>0x39</size>
         <input_file_ref idref="fl-c6"/>
      </object_component>
      <object_component id="oc-25">
         <name>.debug_info</name>
         <load_address>0x4527</load_address>
         <run_address>0x4527</run_address>
         <size>0x10b</size>
         <input_file_ref idref="fl-c7"/>
      </object_component>
      <object_component id="oc-5b">
         <name>.debug_info</name>
         <load_address>0x4632</load_address>
         <run_address>0x4632</run_address>
         <size>0x1a9</size>
         <input_file_ref idref="fl-c7"/>
      </object_component>
      <object_component id="oc-3e">
         <name>.debug_info</name>
         <load_address>0x47db</load_address>
         <run_address>0x47db</run_address>
         <size>0x119</size>
         <input_file_ref idref="fl-c8"/>
      </object_component>
      <object_component id="oc-151">
         <name>.debug_info</name>
         <load_address>0x48f4</load_address>
         <run_address>0x48f4</run_address>
         <size>0x4b3</size>
         <input_file_ref idref="fl-ca"/>
      </object_component>
      <object_component id="oc-fc">
         <name>.debug_info</name>
         <load_address>0x4da7</load_address>
         <run_address>0x4da7</run_address>
         <size>0x1a6</size>
         <input_file_ref idref="fl-ca"/>
      </object_component>
      <object_component id="oc-197">
         <name>.debug_info</name>
         <load_address>0x4f4d</load_address>
         <run_address>0x4f4d</run_address>
         <size>0x39</size>
         <input_file_ref idref="fl-ca"/>
      </object_component>
      <object_component id="oc-1b1">
         <name>.debug_info</name>
         <load_address>0x4f86</load_address>
         <run_address>0x4f86</run_address>
         <size>0x39</size>
         <input_file_ref idref="fl-ca"/>
      </object_component>
      <object_component id="oc-19c">
         <name>.debug_info</name>
         <load_address>0x4fbf</load_address>
         <run_address>0x4fbf</run_address>
         <size>0x39</size>
         <input_file_ref idref="fl-ca"/>
      </object_component>
      <object_component id="oc-1a1">
         <name>.debug_info</name>
         <load_address>0x4ff8</load_address>
         <run_address>0x4ff8</run_address>
         <size>0xcd</size>
         <input_file_ref idref="fl-ca"/>
      </object_component>
      <object_component id="oc-96">
         <name>.debug_info</name>
         <load_address>0x50c5</load_address>
         <run_address>0x50c5</run_address>
         <size>0x153</size>
         <input_file_ref idref="fl-cb"/>
      </object_component>
      <object_component id="oc-f0">
         <name>.debug_info</name>
         <load_address>0x5218</load_address>
         <run_address>0x5218</run_address>
         <size>0x122</size>
         <input_file_ref idref="fl-cd"/>
      </object_component>
      <object_component id="oc-1eb">
         <name>.debug_info</name>
         <load_address>0x533a</load_address>
         <run_address>0x533a</run_address>
         <size>0xa1</size>
      </object_component>
      <object_component id="oc-181">
         <name>.debug_line</name>
         <load_address>0x0</load_address>
         <run_address>0x0</run_address>
         <size>0xba</size>
         <input_file_ref idref="fl-2"/>
      </object_component>
      <object_component id="oc-142">
         <name>.debug_line</name>
         <load_address>0xba</load_address>
         <run_address>0xba</run_address>
         <size>0x2d</size>
         <input_file_ref idref="fl-2"/>
      </object_component>
      <object_component id="oc-9e">
         <name>.debug_line</name>
         <load_address>0xe7</load_address>
         <run_address>0xe7</run_address>
         <size>0xb3</size>
         <input_file_ref idref="fl-2"/>
      </object_component>
      <object_component id="oc-179">
         <name>.debug_line</name>
         <load_address>0x19a</load_address>
         <run_address>0x19a</run_address>
         <size>0x43</size>
         <input_file_ref idref="fl-2"/>
      </object_component>
      <object_component id="oc-172">
         <name>.debug_line</name>
         <load_address>0x1dd</load_address>
         <run_address>0x1dd</run_address>
         <size>0x71</size>
         <input_file_ref idref="fl-2"/>
      </object_component>
      <object_component id="oc-185">
         <name>.debug_line</name>
         <load_address>0x24e</load_address>
         <run_address>0x24e</run_address>
         <size>0x69</size>
         <input_file_ref idref="fl-2"/>
      </object_component>
      <object_component id="oc-e7">
         <name>.debug_line</name>
         <load_address>0x2b7</load_address>
         <run_address>0x2b7</run_address>
         <size>0x2d</size>
         <input_file_ref idref="fl-2"/>
      </object_component>
      <object_component id="oc-39">
         <name>.debug_line</name>
         <load_address>0x2e4</load_address>
         <run_address>0x2e4</run_address>
         <size>0x20</size>
         <input_file_ref idref="fl-2"/>
      </object_component>
      <object_component id="oc-ec">
         <name>.debug_line</name>
         <load_address>0x304</load_address>
         <run_address>0x304</run_address>
         <size>0x3b</size>
         <input_file_ref idref="fl-2"/>
      </object_component>
      <object_component id="oc-6f">
         <name>.debug_line</name>
         <load_address>0x33f</load_address>
         <run_address>0x33f</run_address>
         <size>0x42</size>
         <input_file_ref idref="fl-3"/>
      </object_component>
      <object_component id="oc-2e">
         <name>.debug_line</name>
         <load_address>0x381</load_address>
         <run_address>0x381</run_address>
         <size>0x42</size>
         <input_file_ref idref="fl-3"/>
      </object_component>
      <object_component id="oc-28">
         <name>.debug_line</name>
         <load_address>0x3c3</load_address>
         <run_address>0x3c3</run_address>
         <size>0xa2</size>
         <input_file_ref idref="fl-3"/>
      </object_component>
      <object_component id="oc-73">
         <name>.debug_line</name>
         <load_address>0x465</load_address>
         <run_address>0x465</run_address>
         <size>0x6f</size>
         <input_file_ref idref="fl-3"/>
      </object_component>
      <object_component id="oc-b0">
         <name>.debug_line</name>
         <load_address>0x4d4</load_address>
         <run_address>0x4d4</run_address>
         <size>0x73</size>
         <input_file_ref idref="fl-3"/>
      </object_component>
      <object_component id="oc-78">
         <name>.debug_line</name>
         <load_address>0x547</load_address>
         <run_address>0x547</run_address>
         <size>0x70</size>
         <input_file_ref idref="fl-3"/>
      </object_component>
      <object_component id="oc-c3">
         <name>.debug_line</name>
         <load_address>0x5b7</load_address>
         <run_address>0x5b7</run_address>
         <size>0x60</size>
         <input_file_ref idref="fl-4"/>
      </object_component>
      <object_component id="oc-1ad">
         <name>.debug_line</name>
         <load_address>0x617</load_address>
         <run_address>0x617</run_address>
         <size>0x69</size>
         <input_file_ref idref="fl-5"/>
      </object_component>
      <object_component id="oc-17c">
         <name>.debug_line</name>
         <load_address>0x680</load_address>
         <run_address>0x680</run_address>
         <size>0x34</size>
         <input_file_ref idref="fl-5"/>
      </object_component>
      <object_component id="oc-d9">
         <name>.debug_line</name>
         <load_address>0x6b4</load_address>
         <run_address>0x6b4</run_address>
         <size>0x6a</size>
         <input_file_ref idref="fl-5"/>
      </object_component>
      <object_component id="oc-1ab">
         <name>.debug_line</name>
         <load_address>0x71e</load_address>
         <run_address>0x71e</run_address>
         <size>0x20</size>
         <input_file_ref idref="fl-6"/>
      </object_component>
      <object_component id="oc-1a9">
         <name>.debug_line</name>
         <load_address>0x73e</load_address>
         <run_address>0x73e</run_address>
         <size>0x3d</size>
         <input_file_ref idref="fl-6"/>
      </object_component>
      <object_component id="oc-130">
         <name>.debug_line</name>
         <load_address>0x77b</load_address>
         <run_address>0x77b</run_address>
         <size>0x422</size>
         <input_file_ref idref="fl-6"/>
      </object_component>
      <object_component id="oc-175">
         <name>.debug_line</name>
         <load_address>0xb9d</load_address>
         <run_address>0xb9d</run_address>
         <size>0x20</size>
         <input_file_ref idref="fl-8"/>
      </object_component>
      <object_component id="oc-d2">
         <name>.debug_line</name>
         <load_address>0xbbd</load_address>
         <run_address>0xbbd</run_address>
         <size>0xa4</size>
         <input_file_ref idref="fl-8"/>
      </object_component>
      <object_component id="oc-17f">
         <name>.debug_line</name>
         <load_address>0xc61</load_address>
         <run_address>0xc61</run_address>
         <size>0x20</size>
         <input_file_ref idref="fl-9"/>
      </object_component>
      <object_component id="oc-144">
         <name>.debug_line</name>
         <load_address>0xc81</load_address>
         <run_address>0xc81</run_address>
         <size>0x44</size>
         <input_file_ref idref="fl-9"/>
      </object_component>
      <object_component id="oc-13f">
         <name>.debug_line</name>
         <load_address>0xcc5</load_address>
         <run_address>0xcc5</run_address>
         <size>0x44</size>
         <input_file_ref idref="fl-9"/>
      </object_component>
      <object_component id="oc-16e">
         <name>.debug_line</name>
         <load_address>0xd09</load_address>
         <run_address>0xd09</run_address>
         <size>0x20</size>
         <input_file_ref idref="fl-a"/>
      </object_component>
      <object_component id="oc-16c">
         <name>.debug_line</name>
         <load_address>0xd29</load_address>
         <run_address>0xd29</run_address>
         <size>0x45</size>
         <input_file_ref idref="fl-a"/>
      </object_component>
      <object_component id="oc-ca">
         <name>.debug_line</name>
         <load_address>0xd6e</load_address>
         <run_address>0xd6e</run_address>
         <size>0xcf</size>
         <input_file_ref idref="fl-a"/>
      </object_component>
      <object_component id="oc-87">
         <name>.debug_line</name>
         <load_address>0xe3d</load_address>
         <run_address>0xe3d</run_address>
         <size>0x20</size>
         <input_file_ref idref="fl-c5"/>
      </object_component>
      <object_component id="oc-20">
         <name>.debug_line</name>
         <load_address>0xe5d</load_address>
         <run_address>0xe5d</run_address>
         <size>0x55</size>
         <input_file_ref idref="fl-c5"/>
      </object_component>
      <object_component id="oc-44">
         <name>.debug_line</name>
         <load_address>0xeb2</load_address>
         <run_address>0xeb2</run_address>
         <size>0x3a</size>
         <input_file_ref idref="fl-c5"/>
      </object_component>
      <object_component id="oc-84">
         <name>.debug_line</name>
         <load_address>0xeec</load_address>
         <run_address>0xeec</run_address>
         <size>0x92</size>
         <input_file_ref idref="fl-c5"/>
      </object_component>
      <object_component id="oc-b8">
         <name>.debug_line</name>
         <load_address>0xf7e</load_address>
         <run_address>0xf7e</run_address>
         <size>0x20</size>
         <input_file_ref idref="fl-c6"/>
      </object_component>
      <object_component id="oc-19">
         <name>.debug_line</name>
         <load_address>0xf9e</load_address>
         <run_address>0xf9e</run_address>
         <size>0xa9</size>
         <input_file_ref idref="fl-c6"/>
      </object_component>
      <object_component id="oc-34">
         <name>.debug_line</name>
         <load_address>0x1047</load_address>
         <run_address>0x1047</run_address>
         <size>0x3a</size>
         <input_file_ref idref="fl-c6"/>
      </object_component>
      <object_component id="oc-b5">
         <name>.debug_line</name>
         <load_address>0x1081</load_address>
         <run_address>0x1081</run_address>
         <size>0x9a</size>
         <input_file_ref idref="fl-c6"/>
      </object_component>
      <object_component id="oc-7d">
         <name>.debug_line</name>
         <load_address>0x111b</load_address>
         <run_address>0x111b</run_address>
         <size>0x96</size>
         <input_file_ref idref="fl-c6"/>
      </object_component>
      <object_component id="oc-6c">
         <name>.debug_line</name>
         <load_address>0x11b1</load_address>
         <run_address>0x11b1</run_address>
         <size>0x33</size>
         <input_file_ref idref="fl-c7"/>
      </object_component>
      <object_component id="oc-5a">
         <name>.debug_line</name>
         <load_address>0x11e4</load_address>
         <run_address>0x11e4</run_address>
         <size>0x45</size>
         <input_file_ref idref="fl-c7"/>
      </object_component>
      <object_component id="oc-3c">
         <name>.debug_line</name>
         <load_address>0x1229</load_address>
         <run_address>0x1229</run_address>
         <size>0x88</size>
         <input_file_ref idref="fl-c8"/>
      </object_component>
      <object_component id="oc-196">
         <name>.debug_line</name>
         <load_address>0x12b1</load_address>
         <run_address>0x12b1</run_address>
         <size>0xbf</size>
         <input_file_ref idref="fl-ca"/>
      </object_component>
      <object_component id="oc-ff">
         <name>.debug_line</name>
         <load_address>0x1370</load_address>
         <run_address>0x1370</run_address>
         <size>0x6f</size>
         <input_file_ref idref="fl-ca"/>
      </object_component>
      <object_component id="oc-19a">
         <name>.debug_line</name>
         <load_address>0x13df</load_address>
         <run_address>0x13df</run_address>
         <size>0x2e</size>
         <input_file_ref idref="fl-ca"/>
      </object_component>
      <object_component id="oc-1b4">
         <name>.debug_line</name>
         <load_address>0x140d</load_address>
         <run_address>0x140d</run_address>
         <size>0x9a</size>
         <input_file_ref idref="fl-ca"/>
      </object_component>
      <object_component id="oc-19f">
         <name>.debug_line</name>
         <load_address>0x14a7</load_address>
         <run_address>0x14a7</run_address>
         <size>0x97</size>
         <input_file_ref idref="fl-ca"/>
      </object_component>
      <object_component id="oc-1a4">
         <name>.debug_line</name>
         <load_address>0x153e</load_address>
         <run_address>0x153e</run_address>
         <size>0x93</size>
         <input_file_ref idref="fl-ca"/>
      </object_component>
      <object_component id="oc-99">
         <name>.debug_line</name>
         <load_address>0x15d1</load_address>
         <run_address>0x15d1</run_address>
         <size>0x40</size>
         <input_file_ref idref="fl-cb"/>
      </object_component>
      <object_component id="oc-f2">
         <name>.debug_line</name>
         <load_address>0x1611</load_address>
         <run_address>0x1611</run_address>
         <size>0x3c</size>
         <input_file_ref idref="fl-cd"/>
      </object_component>
      <object_component id="oc-9d">
         <name>.debug_frame</name>
         <load_address>0x0</load_address>
         <run_address>0x0</run_address>
         <size>0x78</size>
         <input_file_ref idref="fl-2"/>
      </object_component>
      <object_component id="oc-29">
         <name>.debug_frame</name>
         <load_address>0x78</load_address>
         <run_address>0x78</run_address>
         <size>0x90</size>
         <input_file_ref idref="fl-3"/>
      </object_component>
      <object_component id="oc-c4">
         <name>.debug_frame</name>
         <load_address>0x108</load_address>
         <run_address>0x108</run_address>
         <size>0x70</size>
         <input_file_ref idref="fl-4"/>
      </object_component>
      <object_component id="oc-d8">
         <name>.debug_frame</name>
         <load_address>0x178</load_address>
         <run_address>0x178</run_address>
         <size>0x70</size>
         <input_file_ref idref="fl-5"/>
      </object_component>
      <object_component id="oc-131">
         <name>.debug_frame</name>
         <load_address>0x1e8</load_address>
         <run_address>0x1e8</run_address>
         <size>0x154</size>
         <input_file_ref idref="fl-6"/>
      </object_component>
      <object_component id="oc-d3">
         <name>.debug_frame</name>
         <load_address>0x33c</load_address>
         <run_address>0x33c</run_address>
         <size>0x78</size>
         <input_file_ref idref="fl-8"/>
      </object_component>
      <object_component id="oc-cd">
         <name>.debug_frame</name>
         <load_address>0x3b4</load_address>
         <run_address>0x3b4</run_address>
         <size>0x9c</size>
         <input_file_ref idref="fl-a"/>
      </object_component>
      <object_component id="oc-1f">
         <name>.debug_frame</name>
         <load_address>0x450</load_address>
         <run_address>0x450</run_address>
         <size>0x54</size>
         <input_file_ref idref="fl-c5"/>
      </object_component>
      <object_component id="oc-1a">
         <name>.debug_frame</name>
         <load_address>0x4a4</load_address>
         <run_address>0x4a4</run_address>
         <size>0x60</size>
         <input_file_ref idref="fl-c6"/>
      </object_component>
      <object_component id="oc-5e">
         <name>.debug_frame</name>
         <load_address>0x504</load_address>
         <run_address>0x504</run_address>
         <size>0x50</size>
         <input_file_ref idref="fl-c7"/>
      </object_component>
      <object_component id="oc-fb">
         <name>.debug_frame</name>
         <load_address>0x554</load_address>
         <run_address>0x554</run_address>
         <size>0x5c</size>
         <input_file_ref idref="fl-ca"/>
      </object_component>
      <object_component id="oc-9a">
         <name>.debug_frame</name>
         <load_address>0x5b0</load_address>
         <run_address>0x5b0</run_address>
         <size>0x54</size>
         <input_file_ref idref="fl-cb"/>
      </object_component>
      <object_component id="oc-f3">
         <name>.debug_frame</name>
         <load_address>0x604</load_address>
         <run_address>0x604</run_address>
         <size>0x54</size>
         <input_file_ref idref="fl-cd"/>
      </object_component>
      <object_component id="oc-180">
         <name>.debug_abbrev</name>
         <load_address>0x0</load_address>
         <run_address>0x0</run_address>
         <size>0x9d</size>
         <input_file_ref idref="fl-2"/>
      </object_component>
      <object_component id="oc-141">
         <name>.debug_abbrev</name>
         <load_address>0x9d</load_address>
         <run_address>0x9d</run_address>
         <size>0x29</size>
         <input_file_ref idref="fl-2"/>
      </object_component>
      <object_component id="oc-e3">
         <name>.debug_abbrev</name>
         <load_address>0xc6</load_address>
         <run_address>0xc6</run_address>
         <size>0x6e</size>
         <input_file_ref idref="fl-2"/>
      </object_component>
      <object_component id="oc-178">
         <name>.debug_abbrev</name>
         <load_address>0x134</load_address>
         <run_address>0x134</run_address>
         <size>0x7d</size>
         <input_file_ref idref="fl-2"/>
      </object_component>
      <object_component id="oc-171">
         <name>.debug_abbrev</name>
         <load_address>0x1b1</load_address>
         <run_address>0x1b1</run_address>
         <size>0x49</size>
         <input_file_ref idref="fl-2"/>
      </object_component>
      <object_component id="oc-184">
         <name>.debug_abbrev</name>
         <load_address>0x1fa</load_address>
         <run_address>0x1fa</run_address>
         <size>0x49</size>
         <input_file_ref idref="fl-2"/>
      </object_component>
      <object_component id="oc-e6">
         <name>.debug_abbrev</name>
         <load_address>0x243</load_address>
         <run_address>0x243</run_address>
         <size>0x44</size>
         <input_file_ref idref="fl-2"/>
      </object_component>
      <object_component id="oc-38">
         <name>.debug_abbrev</name>
         <load_address>0x287</load_address>
         <run_address>0x287</run_address>
         <size>0x1f</size>
         <input_file_ref idref="fl-2"/>
      </object_component>
      <object_component id="oc-eb">
         <name>.debug_abbrev</name>
         <load_address>0x2a6</load_address>
         <run_address>0x2a6</run_address>
         <size>0x24</size>
         <input_file_ref idref="fl-2"/>
      </object_component>
      <object_component id="oc-6e">
         <name>.debug_abbrev</name>
         <load_address>0x2ca</load_address>
         <run_address>0x2ca</run_address>
         <size>0x68</size>
         <input_file_ref idref="fl-3"/>
      </object_component>
      <object_component id="oc-2d">
         <name>.debug_abbrev</name>
         <load_address>0x332</load_address>
         <run_address>0x332</run_address>
         <size>0x29</size>
         <input_file_ref idref="fl-3"/>
      </object_component>
      <object_component id="oc-6d">
         <name>.debug_abbrev</name>
         <load_address>0x35b</load_address>
         <run_address>0x35b</run_address>
         <size>0xcb</size>
         <input_file_ref idref="fl-3"/>
      </object_component>
      <object_component id="oc-72">
         <name>.debug_abbrev</name>
         <load_address>0x426</load_address>
         <run_address>0x426</run_address>
         <size>0x69</size>
         <input_file_ref idref="fl-3"/>
      </object_component>
      <object_component id="oc-af">
         <name>.debug_abbrev</name>
         <load_address>0x48f</load_address>
         <run_address>0x48f</run_address>
         <size>0x5c</size>
         <input_file_ref idref="fl-3"/>
      </object_component>
      <object_component id="oc-77">
         <name>.debug_abbrev</name>
         <load_address>0x4eb</load_address>
         <run_address>0x4eb</run_address>
         <size>0x24</size>
         <input_file_ref idref="fl-3"/>
      </object_component>
      <object_component id="oc-132">
         <name>.debug_abbrev</name>
         <load_address>0x50f</load_address>
         <run_address>0x50f</run_address>
         <size>0xa9</size>
         <input_file_ref idref="fl-4"/>
      </object_component>
      <object_component id="oc-1ac">
         <name>.debug_abbrev</name>
         <load_address>0x5b8</load_address>
         <run_address>0x5b8</run_address>
         <size>0x61</size>
         <input_file_ref idref="fl-5"/>
      </object_component>
      <object_component id="oc-17b">
         <name>.debug_abbrev</name>
         <load_address>0x619</load_address>
         <run_address>0x619</run_address>
         <size>0x29</size>
         <input_file_ref idref="fl-5"/>
      </object_component>
      <object_component id="oc-13d">
         <name>.debug_abbrev</name>
         <load_address>0x642</load_address>
         <run_address>0x642</run_address>
         <size>0x7a</size>
         <input_file_ref idref="fl-5"/>
      </object_component>
      <object_component id="oc-1aa">
         <name>.debug_abbrev</name>
         <load_address>0x6bc</load_address>
         <run_address>0x6bc</run_address>
         <size>0x52</size>
         <input_file_ref idref="fl-6"/>
      </object_component>
      <object_component id="oc-1a8">
         <name>.debug_abbrev</name>
         <load_address>0x70e</load_address>
         <run_address>0x70e</run_address>
         <size>0x27</size>
         <input_file_ref idref="fl-6"/>
      </object_component>
      <object_component id="oc-169">
         <name>.debug_abbrev</name>
         <load_address>0x735</load_address>
         <run_address>0x735</run_address>
         <size>0x124</size>
         <input_file_ref idref="fl-6"/>
      </object_component>
      <object_component id="oc-174">
         <name>.debug_abbrev</name>
         <load_address>0x859</load_address>
         <run_address>0x859</run_address>
         <size>0x37</size>
         <input_file_ref idref="fl-8"/>
      </object_component>
      <object_component id="oc-138">
         <name>.debug_abbrev</name>
         <load_address>0x890</load_address>
         <run_address>0x890</run_address>
         <size>0x7a</size>
         <input_file_ref idref="fl-8"/>
      </object_component>
      <object_component id="oc-17e">
         <name>.debug_abbrev</name>
         <load_address>0x90a</load_address>
         <run_address>0x90a</run_address>
         <size>0x2c</size>
         <input_file_ref idref="fl-9"/>
      </object_component>
      <object_component id="oc-143">
         <name>.debug_abbrev</name>
         <load_address>0x936</load_address>
         <run_address>0x936</run_address>
         <size>0x29</size>
         <input_file_ref idref="fl-9"/>
      </object_component>
      <object_component id="oc-13e">
         <name>.debug_abbrev</name>
         <load_address>0x95f</load_address>
         <run_address>0x95f</run_address>
         <size>0x29</size>
         <input_file_ref idref="fl-9"/>
      </object_component>
      <object_component id="oc-16d">
         <name>.debug_abbrev</name>
         <load_address>0x988</load_address>
         <run_address>0x988</run_address>
         <size>0x37</size>
         <input_file_ref idref="fl-a"/>
      </object_component>
      <object_component id="oc-16b">
         <name>.debug_abbrev</name>
         <load_address>0x9bf</load_address>
         <run_address>0x9bf</run_address>
         <size>0x27</size>
         <input_file_ref idref="fl-a"/>
      </object_component>
      <object_component id="oc-136">
         <name>.debug_abbrev</name>
         <load_address>0x9e6</load_address>
         <run_address>0x9e6</run_address>
         <size>0x7b</size>
         <input_file_ref idref="fl-a"/>
      </object_component>
      <object_component id="oc-86">
         <name>.debug_abbrev</name>
         <load_address>0xa61</load_address>
         <run_address>0xa61</run_address>
         <size>0x37</size>
         <input_file_ref idref="fl-c5"/>
      </object_component>
      <object_component id="oc-40">
         <name>.debug_abbrev</name>
         <load_address>0xa98</load_address>
         <run_address>0xa98</run_address>
         <size>0x74</size>
         <input_file_ref idref="fl-c5"/>
      </object_component>
      <object_component id="oc-43">
         <name>.debug_abbrev</name>
         <load_address>0xb0c</load_address>
         <run_address>0xb0c</run_address>
         <size>0x24</size>
         <input_file_ref idref="fl-c5"/>
      </object_component>
      <object_component id="oc-83">
         <name>.debug_abbrev</name>
         <load_address>0xb30</load_address>
         <run_address>0xb30</run_address>
         <size>0x24</size>
         <input_file_ref idref="fl-c5"/>
      </object_component>
      <object_component id="oc-b7">
         <name>.debug_abbrev</name>
         <load_address>0xb54</load_address>
         <run_address>0xb54</run_address>
         <size>0x37</size>
         <input_file_ref idref="fl-c6"/>
      </object_component>
      <object_component id="oc-30">
         <name>.debug_abbrev</name>
         <load_address>0xb8b</load_address>
         <run_address>0xb8b</run_address>
         <size>0x6f</size>
         <input_file_ref idref="fl-c6"/>
      </object_component>
      <object_component id="oc-33">
         <name>.debug_abbrev</name>
         <load_address>0xbfa</load_address>
         <run_address>0xbfa</run_address>
         <size>0x24</size>
         <input_file_ref idref="fl-c6"/>
      </object_component>
      <object_component id="oc-b4">
         <name>.debug_abbrev</name>
         <load_address>0xc1e</load_address>
         <run_address>0xc1e</run_address>
         <size>0x35</size>
         <input_file_ref idref="fl-c6"/>
      </object_component>
      <object_component id="oc-7c">
         <name>.debug_abbrev</name>
         <load_address>0xc53</load_address>
         <run_address>0xc53</run_address>
         <size>0x24</size>
         <input_file_ref idref="fl-c6"/>
      </object_component>
      <object_component id="oc-6b">
         <name>.debug_abbrev</name>
         <load_address>0xc77</load_address>
         <run_address>0xc77</run_address>
         <size>0x29</size>
         <input_file_ref idref="fl-c7"/>
      </object_component>
      <object_component id="oc-a4">
         <name>.debug_abbrev</name>
         <load_address>0xca0</load_address>
         <run_address>0xca0</run_address>
         <size>0x55</size>
         <input_file_ref idref="fl-c7"/>
      </object_component>
      <object_component id="oc-80">
         <name>.debug_abbrev</name>
         <load_address>0xcf5</load_address>
         <run_address>0xcf5</run_address>
         <size>0x3e</size>
         <input_file_ref idref="fl-c8"/>
      </object_component>
      <object_component id="oc-195">
         <name>.debug_abbrev</name>
         <load_address>0xd33</load_address>
         <run_address>0xd33</run_address>
         <size>0xc0</size>
         <input_file_ref idref="fl-ca"/>
      </object_component>
      <object_component id="oc-150">
         <name>.debug_abbrev</name>
         <load_address>0xdf3</load_address>
         <run_address>0xdf3</run_address>
         <size>0x7e</size>
         <input_file_ref idref="fl-ca"/>
      </object_component>
      <object_component id="oc-199">
         <name>.debug_abbrev</name>
         <load_address>0xe71</load_address>
         <run_address>0xe71</run_address>
         <size>0x24</size>
         <input_file_ref idref="fl-ca"/>
      </object_component>
      <object_component id="oc-1b3">
         <name>.debug_abbrev</name>
         <load_address>0xe95</load_address>
         <run_address>0xe95</run_address>
         <size>0x24</size>
         <input_file_ref idref="fl-ca"/>
      </object_component>
      <object_component id="oc-19e">
         <name>.debug_abbrev</name>
         <load_address>0xeb9</load_address>
         <run_address>0xeb9</run_address>
         <size>0x24</size>
         <input_file_ref idref="fl-ca"/>
      </object_component>
      <object_component id="oc-1a3">
         <name>.debug_abbrev</name>
         <load_address>0xedd</load_address>
         <run_address>0xedd</run_address>
         <size>0x4b</size>
         <input_file_ref idref="fl-ca"/>
      </object_component>
      <object_component id="oc-c1">
         <name>.debug_abbrev</name>
         <load_address>0xf28</load_address>
         <run_address>0xf28</run_address>
         <size>0x55</size>
         <input_file_ref idref="fl-cb"/>
      </object_component>
      <object_component id="oc-146">
         <name>.debug_abbrev</name>
         <load_address>0xf7d</load_address>
         <run_address>0xf7d</run_address>
         <size>0x45</size>
         <input_file_ref idref="fl-cd"/>
      </object_component>
      <object_component id="oc-1ec">
         <name>.debug_abbrev</name>
         <load_address>0xfc2</load_address>
         <run_address>0xfc2</run_address>
         <size>0xf</size>
      </object_component>
      <object_component id="oc-17a">
         <name>.debug_str</name>
         <load_address>0x0</load_address>
         <run_address>0x0</run_address>
         <size>0x119</size>
         <input_file_ref idref="fl-2"/>
      </object_component>
      <object_component id="oc-173">
         <name>.debug_str</name>
         <load_address>0x119</load_address>
         <run_address>0x119</run_address>
         <size>0x120</size>
         <input_file_ref idref="fl-2"/>
      </object_component>
      <object_component id="oc-186">
         <name>.debug_str</name>
         <load_address>0x239</load_address>
         <run_address>0x239</run_address>
         <size>0x110</size>
         <input_file_ref idref="fl-2"/>
      </object_component>
      <object_component id="oc-e8">
         <name>.debug_str</name>
         <load_address>0x349</load_address>
         <run_address>0x349</run_address>
         <size>0xdd</size>
         <input_file_ref idref="fl-2"/>
      </object_component>
      <object_component id="oc-3a">
         <name>.debug_str</name>
         <load_address>0x426</load_address>
         <run_address>0x426</run_address>
         <size>0xfd</size>
         <input_file_ref idref="fl-2"/>
      </object_component>
      <object_component id="oc-ed">
         <name>.debug_str</name>
         <load_address>0x523</load_address>
         <run_address>0x523</run_address>
         <size>0x114</size>
         <input_file_ref idref="fl-2"/>
      </object_component>
      <object_component id="oc-74">
         <name>.debug_str</name>
         <load_address>0x637</load_address>
         <run_address>0x637</run_address>
         <size>0x2b2</size>
         <input_file_ref idref="fl-3"/>
      </object_component>
      <object_component id="oc-b1">
         <name>.debug_str</name>
         <load_address>0x8e9</load_address>
         <run_address>0x8e9</run_address>
         <size>0x348</size>
         <input_file_ref idref="fl-3"/>
      </object_component>
      <object_component id="oc-79">
         <name>.debug_str</name>
         <load_address>0xc31</load_address>
         <run_address>0xc31</run_address>
         <size>0x14a</size>
         <input_file_ref idref="fl-3"/>
      </object_component>
      <object_component id="oc-45">
         <name>.debug_str</name>
         <load_address>0xd7b</load_address>
         <run_address>0xd7b</run_address>
         <size>0x10b</size>
         <input_file_ref idref="fl-c5"/>
      </object_component>
      <object_component id="oc-85">
         <name>.debug_str</name>
         <load_address>0xe86</load_address>
         <run_address>0xe86</run_address>
         <size>0x140</size>
         <input_file_ref idref="fl-c5"/>
      </object_component>
      <object_component id="oc-35">
         <name>.debug_str</name>
         <load_address>0xfc6</load_address>
         <run_address>0xfc6</run_address>
         <size>0x118</size>
         <input_file_ref idref="fl-c6"/>
      </object_component>
      <object_component id="oc-b6">
         <name>.debug_str</name>
         <load_address>0x10de</load_address>
         <run_address>0x10de</run_address>
         <size>0x16b</size>
         <input_file_ref idref="fl-c6"/>
      </object_component>
      <object_component id="oc-7e">
         <name>.debug_str</name>
         <load_address>0x1249</load_address>
         <run_address>0x1249</run_address>
         <size>0x158</size>
         <input_file_ref idref="fl-c6"/>
      </object_component>
      <object_component id="oc-19b">
         <name>.debug_str</name>
         <load_address>0x13a1</load_address>
         <run_address>0x13a1</run_address>
         <size>0xed</size>
         <input_file_ref idref="fl-ca"/>
      </object_component>
      <object_component id="oc-1b5">
         <name>.debug_str</name>
         <load_address>0x148e</load_address>
         <run_address>0x148e</run_address>
         <size>0x157</size>
         <input_file_ref idref="fl-ca"/>
      </object_component>
      <object_component id="oc-1a0">
         <name>.debug_str</name>
         <load_address>0x15e5</load_address>
         <run_address>0x15e5</run_address>
         <size>0x150</size>
         <input_file_ref idref="fl-ca"/>
      </object_component>
      <object_component id="oc-1a5">
         <name>.debug_str</name>
         <load_address>0x1735</load_address>
         <run_address>0x1735</run_address>
         <size>0x197</size>
         <input_file_ref idref="fl-ca"/>
      </object_component>
      <object_component id="oc-9c">
         <name>.debug_aranges</name>
         <load_address>0x0</load_address>
         <run_address>0x0</run_address>
         <size>0x28</size>
         <input_file_ref idref="fl-2"/>
      </object_component>
      <object_component id="oc-2c">
         <name>.debug_aranges</name>
         <load_address>0x28</load_address>
         <run_address>0x28</run_address>
         <size>0x38</size>
         <input_file_ref idref="fl-3"/>
      </object_component>
      <object_component id="oc-c6">
         <name>.debug_aranges</name>
         <load_address>0x60</load_address>
         <run_address>0x60</run_address>
         <size>0x28</size>
         <input_file_ref idref="fl-4"/>
      </object_component>
      <object_component id="oc-d7">
         <name>.debug_aranges</name>
         <load_address>0x88</load_address>
         <run_address>0x88</run_address>
         <size>0x28</size>
         <input_file_ref idref="fl-5"/>
      </object_component>
      <object_component id="oc-12e">
         <name>.debug_aranges</name>
         <load_address>0xb0</load_address>
         <run_address>0xb0</run_address>
         <size>0x70</size>
         <input_file_ref idref="fl-6"/>
      </object_component>
      <object_component id="oc-d0">
         <name>.debug_aranges</name>
         <load_address>0x120</load_address>
         <run_address>0x120</run_address>
         <size>0x28</size>
         <input_file_ref idref="fl-8"/>
      </object_component>
      <object_component id="oc-c9">
         <name>.debug_aranges</name>
         <load_address>0x148</load_address>
         <run_address>0x148</run_address>
         <size>0x38</size>
         <input_file_ref idref="fl-a"/>
      </object_component>
      <object_component id="oc-1d">
         <name>.debug_aranges</name>
         <load_address>0x180</load_address>
         <run_address>0x180</run_address>
         <size>0x20</size>
         <input_file_ref idref="fl-c5"/>
      </object_component>
      <object_component id="oc-18">
         <name>.debug_aranges</name>
         <load_address>0x1a0</load_address>
         <run_address>0x1a0</run_address>
         <size>0x20</size>
         <input_file_ref idref="fl-c6"/>
      </object_component>
      <object_component id="oc-5c">
         <name>.debug_aranges</name>
         <load_address>0x1c0</load_address>
         <run_address>0x1c0</run_address>
         <size>0x20</size>
         <input_file_ref idref="fl-c7"/>
      </object_component>
      <object_component id="oc-3d">
         <name>.debug_aranges</name>
         <load_address>0x1e0</load_address>
         <run_address>0x1e0</run_address>
         <size>0x20</size>
         <input_file_ref idref="fl-c8"/>
      </object_component>
      <object_component id="oc-fd">
         <name>.debug_aranges</name>
         <load_address>0x200</load_address>
         <run_address>0x200</run_address>
         <size>0x20</size>
         <input_file_ref idref="fl-ca"/>
      </object_component>
      <object_component id="oc-98">
         <name>.debug_aranges</name>
         <load_address>0x220</load_address>
         <run_address>0x220</run_address>
         <size>0x20</size>
         <input_file_ref idref="fl-cb"/>
      </object_component>
      <object_component id="oc-ef">
         <name>.debug_aranges</name>
         <load_address>0x240</load_address>
         <run_address>0x240</run_address>
         <size>0x20</size>
         <input_file_ref idref="fl-cd"/>
      </object_component>
      <object_component id="oc-df">
         <name>.debug_pubnames</name>
         <load_address>0x0</load_address>
         <run_address>0x0</run_address>
         <size>0x20</size>
         <input_file_ref idref="fl-2"/>
      </object_component>
      <object_component id="oc-a0">
         <name>.debug_pubnames</name>
         <load_address>0x20</load_address>
         <run_address>0x20</run_address>
         <size>0x2b</size>
         <input_file_ref idref="fl-2"/>
      </object_component>
      <object_component id="oc-14">
         <name>.debug_pubnames</name>
         <load_address>0x4b</load_address>
         <run_address>0x4b</run_address>
         <size>0x23</size>
         <input_file_ref idref="fl-3"/>
      </object_component>
      <object_component id="oc-2b">
         <name>.debug_pubnames</name>
         <load_address>0x6e</load_address>
         <run_address>0x6e</run_address>
         <size>0x4c</size>
         <input_file_ref idref="fl-3"/>
      </object_component>
      <object_component id="oc-c7">
         <name>.debug_pubnames</name>
         <load_address>0xba</load_address>
         <run_address>0xba</run_address>
         <size>0x2a</size>
         <input_file_ref idref="fl-4"/>
      </object_component>
      <object_component id="oc-13c">
         <name>.debug_pubnames</name>
         <load_address>0xe4</load_address>
         <run_address>0xe4</run_address>
         <size>0x1a</size>
         <input_file_ref idref="fl-5"/>
      </object_component>
      <object_component id="oc-d6">
         <name>.debug_pubnames</name>
         <load_address>0xfe</load_address>
         <run_address>0xfe</run_address>
         <size>0x2d</size>
         <input_file_ref idref="fl-5"/>
      </object_component>
      <object_component id="oc-168">
         <name>.debug_pubnames</name>
         <load_address>0x12b</load_address>
         <run_address>0x12b</run_address>
         <size>0x27</size>
         <input_file_ref idref="fl-6"/>
      </object_component>
      <object_component id="oc-12f">
         <name>.debug_pubnames</name>
         <load_address>0x152</load_address>
         <run_address>0x152</run_address>
         <size>0xc9</size>
         <input_file_ref idref="fl-6"/>
      </object_component>
      <object_component id="oc-d1">
         <name>.debug_pubnames</name>
         <load_address>0x21b</load_address>
         <run_address>0x21b</run_address>
         <size>0x2c</size>
         <input_file_ref idref="fl-8"/>
      </object_component>
      <object_component id="oc-e2">
         <name>.debug_pubnames</name>
         <load_address>0x247</load_address>
         <run_address>0x247</run_address>
         <size>0x29</size>
         <input_file_ref idref="fl-9"/>
      </object_component>
      <object_component id="oc-dc">
         <name>.debug_pubnames</name>
         <load_address>0x270</load_address>
         <run_address>0x270</run_address>
         <size>0x27</size>
         <input_file_ref idref="fl-9"/>
      </object_component>
      <object_component id="oc-135">
         <name>.debug_pubnames</name>
         <load_address>0x297</load_address>
         <run_address>0x297</run_address>
         <size>0x22</size>
         <input_file_ref idref="fl-a"/>
      </object_component>
      <object_component id="oc-cc">
         <name>.debug_pubnames</name>
         <load_address>0x2b9</load_address>
         <run_address>0x2b9</run_address>
         <size>0x60</size>
         <input_file_ref idref="fl-a"/>
      </object_component>
      <object_component id="oc-1e">
         <name>.debug_pubnames</name>
         <load_address>0x319</load_address>
         <run_address>0x319</run_address>
         <size>0x2b</size>
         <input_file_ref idref="fl-c5"/>
      </object_component>
      <object_component id="oc-17">
         <name>.debug_pubnames</name>
         <load_address>0x344</load_address>
         <run_address>0x344</run_address>
         <size>0x2b</size>
         <input_file_ref idref="fl-c6"/>
      </object_component>
      <object_component id="oc-26">
         <name>.debug_pubnames</name>
         <load_address>0x36f</load_address>
         <run_address>0x36f</run_address>
         <size>0x1e</size>
         <input_file_ref idref="fl-c7"/>
      </object_component>
      <object_component id="oc-5d">
         <name>.debug_pubnames</name>
         <load_address>0x38d</load_address>
         <run_address>0x38d</run_address>
         <size>0x26</size>
         <input_file_ref idref="fl-c7"/>
      </object_component>
      <object_component id="oc-3f">
         <name>.debug_pubnames</name>
         <load_address>0x3b3</load_address>
         <run_address>0x3b3</run_address>
         <size>0x1d</size>
         <input_file_ref idref="fl-c8"/>
      </object_component>
      <object_component id="oc-fe">
         <name>.debug_pubnames</name>
         <load_address>0x3d0</load_address>
         <run_address>0x3d0</run_address>
         <size>0x35</size>
         <input_file_ref idref="fl-ca"/>
      </object_component>
      <object_component id="oc-97">
         <name>.debug_pubnames</name>
         <load_address>0x405</load_address>
         <run_address>0x405</run_address>
         <size>0x27</size>
         <input_file_ref idref="fl-cb"/>
      </object_component>
      <object_component id="oc-f1">
         <name>.debug_pubnames</name>
         <load_address>0x42c</load_address>
         <run_address>0x42c</run_address>
         <size>0x1c</size>
         <input_file_ref idref="fl-cd"/>
      </object_component>
      <object_component id="oc-177">
         <name>.debug_pubtypes</name>
         <load_address>0x0</load_address>
         <run_address>0x0</run_address>
         <size>0x3e</size>
         <input_file_ref idref="fl-2"/>
      </object_component>
      <object_component id="oc-170">
         <name>.debug_pubtypes</name>
         <load_address>0x3e</load_address>
         <run_address>0x3e</run_address>
         <size>0x2b</size>
         <input_file_ref idref="fl-2"/>
      </object_component>
      <object_component id="oc-183">
         <name>.debug_pubtypes</name>
         <load_address>0x69</load_address>
         <run_address>0x69</run_address>
         <size>0x39</size>
         <input_file_ref idref="fl-2"/>
      </object_component>
      <object_component id="oc-e5">
         <name>.debug_pubtypes</name>
         <load_address>0xa2</load_address>
         <run_address>0xa2</run_address>
         <size>0x36</size>
         <input_file_ref idref="fl-2"/>
      </object_component>
      <object_component id="oc-37">
         <name>.debug_pubtypes</name>
         <load_address>0xd8</load_address>
         <run_address>0xd8</run_address>
         <size>0xed</size>
         <input_file_ref idref="fl-2"/>
      </object_component>
      <object_component id="oc-ea">
         <name>.debug_pubtypes</name>
         <load_address>0x1c5</load_address>
         <run_address>0x1c5</run_address>
         <size>0xb9</size>
         <input_file_ref idref="fl-2"/>
      </object_component>
      <object_component id="oc-71">
         <name>.debug_pubtypes</name>
         <load_address>0x27e</load_address>
         <run_address>0x27e</run_address>
         <size>0x25c</size>
         <input_file_ref idref="fl-3"/>
      </object_component>
      <object_component id="oc-ae">
         <name>.debug_pubtypes</name>
         <load_address>0x4da</load_address>
         <run_address>0x4da</run_address>
         <size>0x330</size>
         <input_file_ref idref="fl-3"/>
      </object_component>
      <object_component id="oc-76">
         <name>.debug_pubtypes</name>
         <load_address>0x80a</load_address>
         <run_address>0x80a</run_address>
         <size>0xaa</size>
         <input_file_ref idref="fl-3"/>
      </object_component>
      <object_component id="oc-42">
         <name>.debug_pubtypes</name>
         <load_address>0x8b4</load_address>
         <run_address>0x8b4</run_address>
         <size>0x48</size>
         <input_file_ref idref="fl-c5"/>
      </object_component>
      <object_component id="oc-82">
         <name>.debug_pubtypes</name>
         <load_address>0x8fc</load_address>
         <run_address>0x8fc</run_address>
         <size>0x1d</size>
         <input_file_ref idref="fl-c5"/>
      </object_component>
      <object_component id="oc-32">
         <name>.debug_pubtypes</name>
         <load_address>0x919</load_address>
         <run_address>0x919</run_address>
         <size>0x5d</size>
         <input_file_ref idref="fl-c6"/>
      </object_component>
      <object_component id="oc-b3">
         <name>.debug_pubtypes</name>
         <load_address>0x976</load_address>
         <run_address>0x976</run_address>
         <size>0x48</size>
         <input_file_ref idref="fl-c6"/>
      </object_component>
      <object_component id="oc-7b">
         <name>.debug_pubtypes</name>
         <load_address>0x9be</load_address>
         <run_address>0x9be</run_address>
         <size>0x35</size>
         <input_file_ref idref="fl-c6"/>
      </object_component>
      <object_component id="oc-198">
         <name>.debug_pubtypes</name>
         <load_address>0x9f3</load_address>
         <run_address>0x9f3</run_address>
         <size>0x32</size>
         <input_file_ref idref="fl-ca"/>
      </object_component>
      <object_component id="oc-1b2">
         <name>.debug_pubtypes</name>
         <load_address>0xa25</load_address>
         <run_address>0xa25</run_address>
         <size>0x30</size>
         <input_file_ref idref="fl-ca"/>
      </object_component>
      <object_component id="oc-19d">
         <name>.debug_pubtypes</name>
         <load_address>0xa55</load_address>
         <run_address>0xa55</run_address>
         <size>0x2c</size>
         <input_file_ref idref="fl-ca"/>
      </object_component>
      <object_component id="oc-1a2">
         <name>.debug_pubtypes</name>
         <load_address>0xa81</load_address>
         <run_address>0xa81</run_address>
         <size>0x50</size>
         <input_file_ref idref="fl-ca"/>
      </object_component>
   </object_component_list>
   <logical_group_list>
      <logical_group id="lg-3" display="no" color="cyan">
         <name>.intvecs</name>
         <load_address>0x0</load_address>
         <run_address>0x0</run_address>
         <size>0x208</size>
         <contents>
            <object_component_ref idref="oc-12"/>
         </contents>
      </logical_group>
      <logical_group id="lg-4" display="no" color="cyan">
         <name>.text</name>
         <load_address>0x208</load_address>
         <run_address>0x208</run_address>
         <size>0x144a</size>
         <contents>
            <object_component_ref idref="oc-12c"/>
            <object_component_ref idref="oc-ce"/>
            <object_component_ref idref="oc-9b"/>
            <object_component_ref idref="oc-c8"/>
            <object_component_ref idref="oc-3b"/>
            <object_component_ref idref="oc-d4"/>
            <object_component_ref idref="oc-15"/>
            <object_component_ref idref="oc-fa"/>
            <object_component_ref idref="oc-c2"/>
            <object_component_ref idref="oc-59"/>
            <object_component_ref idref="oc-1b"/>
            <object_component_ref idref="oc-27"/>
            <object_component_ref idref="oc-95"/>
            <object_component_ref idref="oc-ee"/>
         </contents>
      </logical_group>
      <logical_group id="lg-5" display="no" color="cyan">
         <name>.const</name>
         <load_address>0x1652</load_address>
         <run_address>0x1652</run_address>
         <size>0x6</size>
         <contents>
            <object_component_ref idref="oc-e0"/>
            <object_component_ref idref="oc-da"/>
         </contents>
      </logical_group>
      <logical_group id="lg-6" display="no" color="cyan">
         <name>.cinit</name>
         <load_address>0x1658</load_address>
         <run_address>0x1658</run_address>
         <size>0x38</size>
         <contents>
            <object_component_ref idref="oc-1e8"/>
            <object_component_ref idref="oc-1e6"/>
            <object_component_ref idref="oc-1e7"/>
         </contents>
      </logical_group>
      <logical_group id="lg-7" display="no" color="cyan">
         <name>.pinit</name>
         <run_address>0x0</run_address>
         <size>0x0</size>
         <contents>
         </contents>
      </logical_group>
      <logical_group id="lg-8" display="no" color="cyan">
         <name>.init_array</name>
         <run_address>0x0</run_address>
         <size>0x0</size>
         <contents>
         </contents>
      </logical_group>
      <logical_group id="lg-9" display="no" color="cyan">
         <name>.vtable</name>
         <run_address>0x0</run_address>
         <size>0x0</size>
         <contents>
         </contents>
      </logical_group>
      <logical_group id="lg-a" display="no" color="cyan">
         <name>.data</name>
         <run_address>0x20000200</run_address>
         <size>0x31</size>
         <contents>
            <object_component_ref idref="oc-dd"/>
            <object_component_ref idref="oc-13a"/>
            <object_component_ref idref="oc-166"/>
            <object_component_ref idref="oc-133"/>
         </contents>
      </logical_group>
      <logical_group id="lg-b" display="no" color="cyan">
         <name>.bss</name>
         <run_address>0x0</run_address>
         <size>0x0</size>
         <contents>
         </contents>
      </logical_group>
      <logical_group id="lg-c" display="no" color="cyan">
         <name>.sysmem</name>
         <run_address>0x0</run_address>
         <size>0x0</size>
         <contents>
         </contents>
      </logical_group>
      <logical_group id="lg-d" display="no" color="cyan">
         <name>.stack</name>
         <run_address>0x20000000</run_address>
         <size>0x200</size>
         <contents>
            <object_component_ref idref="oc-24"/>
            <object_component_ref idref="oc-1ea"/>
         </contents>
      </logical_group>
      <logical_group id="lg-1bd" display="no" color="cyan">
         <name>.TI.noinit</name>
         <run_address>0x0</run_address>
         <size>0x0</size>
         <contents>
         </contents>
      </logical_group>
      <logical_group id="lg-1be" display="no" color="cyan">
         <name>.TI.persistent</name>
         <run_address>0x0</run_address>
         <size>0x0</size>
         <contents>
         </contents>
      </logical_group>
      <logical_group id="lg-1bf" display="no" color="cyan">
         <name>__llvm_prf_cnts</name>
         <run_address>0x20000000</run_address>
         <size>0x0</size>
         <contents>
         </contents>
      </logical_group>
      <logical_group id="lg-1ce" display="never" color="cyan">
         <name>.debug_info</name>
         <load_address>0x0</load_address>
         <run_address>0x0</run_address>
         <size>0x53db</size>
         <contents>
            <object_component_ref idref="oc-145"/>
            <object_component_ref idref="oc-de"/>
            <object_component_ref idref="oc-9f"/>
            <object_component_ref idref="oc-176"/>
            <object_component_ref idref="oc-16f"/>
            <object_component_ref idref="oc-182"/>
            <object_component_ref idref="oc-e4"/>
            <object_component_ref idref="oc-36"/>
            <object_component_ref idref="oc-e9"/>
            <object_component_ref idref="oc-2f"/>
            <object_component_ref idref="oc-13"/>
            <object_component_ref idref="oc-2a"/>
            <object_component_ref idref="oc-70"/>
            <object_component_ref idref="oc-ad"/>
            <object_component_ref idref="oc-75"/>
            <object_component_ref idref="oc-c5"/>
            <object_component_ref idref="oc-17d"/>
            <object_component_ref idref="oc-13b"/>
            <object_component_ref idref="oc-d5"/>
            <object_component_ref idref="oc-16a"/>
            <object_component_ref idref="oc-167"/>
            <object_component_ref idref="oc-12d"/>
            <object_component_ref idref="oc-139"/>
            <object_component_ref idref="oc-cf"/>
            <object_component_ref idref="oc-140"/>
            <object_component_ref idref="oc-e1"/>
            <object_component_ref idref="oc-db"/>
            <object_component_ref idref="oc-137"/>
            <object_component_ref idref="oc-134"/>
            <object_component_ref idref="oc-cb"/>
            <object_component_ref idref="oc-46"/>
[...]
            <object_component_ref idref="oc-af"/>
            <object_component_ref idref="oc-77"/>
            <object_component_ref idref="oc-132"/>
            <object_component_ref idref="oc-1ac"/>
            <object_component_ref idref="oc-17b"/>
            <object_component_ref idref="oc-13d"/>
            <object_component_ref idref="oc-1aa"/>
            <object_component_ref idref="oc-1a8"/>
            <object_component_ref idref="oc-169"/>
            <object_component_ref idref="oc-174"/>
            <object_component_ref idref="oc-138"/>
            <object_component_ref idref="oc-17e"/>
            <object_component_ref idref="oc-143"/>
            <object_component_ref idref="oc-13e"/>
            <object_component_ref idref="oc-16d"/>
            <object_component_ref idref="oc-16b"/>
            <object_component_ref idref="oc-136"/>
            <object_component_ref idref="oc-86"/>
            <object_component_ref idref="oc-40"/>
            <object_component_ref idref="oc-43"/>
            <object_component_ref idref="oc-83"/>
            <object_component_ref idref="oc-b7"/>
            <object_component_ref idref="oc-30"/>
            <object_component_ref idref="oc-33"/>
            <object_component_ref idref="oc-b4"/>
            <object_component_ref idref="oc-7c"/>
            <object_component_ref idref="oc-6b"/>
            <object_component_ref idref="oc-a4"/>
            <object_component_ref idref="oc-80"/>
            <object_component_ref idref="oc-195"/>
            <object_component_ref idref="oc-150"/>
            <object_component_ref idref="oc-199"/>
            <object_component_ref idref="oc-1b3"/>
            <object_component_ref idref="oc-19e"/>
            <object_component_ref idref="oc-1a3"/>
            <object_component_ref idref="oc-c1"/>
            <object_component_ref idref="oc-146"/>
            <object_component_ref idref="oc-1ec"/>
         </contents>
      </logical_group>
      <logical_group id="lg-1d6" display="never" color="cyan">
         <name>.debug_str</name>
         <load_address>0x0</load_address>
         <run_address>0x0</run_address>
         <size>0x18cc</size>
         <contents>
            <object_component_ref idref="oc-17a"/>
            <object_component_ref idref="oc-173"/>
            <object_component_ref idref="oc-186"/>
            <object_component_ref idref="oc-e8"/>
            <object_component_ref idref="oc-3a"/>
            <object_component_ref idref="oc-ed"/>
            <object_component_ref idref="oc-74"/>
            <object_component_ref idref="oc-b1"/>
            <object_component_ref idref="oc-79"/>
            <object_component_ref idref="oc-45"/>
            <object_component_ref idref="oc-85"/>
            <object_component_ref idref="oc-35"/>
            <object_component_ref idref="oc-b6"/>
            <object_component_ref idref="oc-7e"/>
            <object_component_ref idref="oc-19b"/>
            <object_component_ref idref="oc-1b5"/>
            <object_component_ref idref="oc-1a0"/>
            <object_component_ref idref="oc-1a5"/>
         </contents>
      </logical_group>
      <logical_group id="lg-1d8" display="never" color="cyan">
         <name>.debug_aranges</name>
         <load_address>0x0</load_address>
         <run_address>0x0</run_address>
         <size>0x260</size>
         <contents>
            <object_component_ref idref="oc-9c"/>
            <object_component_ref idref="oc-2c"/>
            <object_component_ref idref="oc-c6"/>
            <object_component_ref idref="oc-d7"/>
            <object_component_ref idref="oc-12e"/>
            <object_component_ref idref="oc-d0"/>
            <object_component_ref idref="oc-c9"/>
            <object_component_ref idref="oc-1d"/>
            <object_component_ref idref="oc-18"/>
            <object_component_ref idref="oc-5c"/>
            <object_component_ref idref="oc-3d"/>
            <object_component_ref idref="oc-fd"/>
            <object_component_ref idref="oc-98"/>
            <object_component_ref idref="oc-ef"/>
         </contents>
      </logical_group>
      <logical_group id="lg-1da" display="never" color="cyan">
         <name>.debug_pubnames</name>
         <load_address>0x0</load_address>
         <run_address>0x0</run_address>
         <size>0x448</size>
         <contents>
            <object_component_ref idref="oc-df"/>
            <object_component_ref idref="oc-a0"/>
            <object_component_ref idref="oc-14"/>
            <object_component_ref idref="oc-2b"/>
            <object_component_ref idref="oc-c7"/>
            <object_component_ref idref="oc-13c"/>
            <object_component_ref idref="oc-d6"/>
            <object_component_ref idref="oc-168"/>
            <object_component_ref idref="oc-12f"/>
            <object_component_ref idref="oc-d1"/>
            <object_component_ref idref="oc-e2"/>
            <object_component_ref idref="oc-dc"/>
            <object_component_ref idref="oc-135"/>
            <object_component_ref idref="oc-cc"/>
            <object_component_ref idref="oc-1e"/>
            <object_component_ref idref="oc-17"/>
            <object_component_ref idref="oc-26"/>
            <object_component_ref idref="oc-5d"/>
            <object_component_ref idref="oc-3f"/>
            <object_component_ref idref="oc-fe"/>
            <object_component_ref idref="oc-97"/>
            <object_component_ref idref="oc-f1"/>
         </contents>
      </logical_group>
      <logical_group id="lg-1dc" display="never" color="cyan">
         <name>.debug_pubtypes</name>
         <load_address>0x0</load_address>
         <run_address>0x0</run_address>
         <size>0xad1</size>
         <contents>
            <object_component_ref idref="oc-177"/>
            <object_component_ref idref="oc-170"/>
            <object_component_ref idref="oc-183"/>
            <object_component_ref idref="oc-e5"/>
            <object_component_ref idref="oc-37"/>
            <object_component_ref idref="oc-ea"/>
            <object_component_ref idref="oc-71"/>
            <object_component_ref idref="oc-ae"/>
            <object_component_ref idref="oc-76"/>
            <object_component_ref idref="oc-42"/>
            <object_component_ref idref="oc-82"/>
            <object_component_ref idref="oc-32"/>
            <object_component_ref idref="oc-b3"/>
            <object_component_ref idref="oc-7b"/>
            <object_component_ref idref="oc-198"/>
            <object_component_ref idref="oc-1b2"/>
            <object_component_ref idref="oc-19d"/>
            <object_component_ref idref="oc-1a2"/>
         </contents>
      </logical_group>
      <logical_group id="lg-1e9" display="no" color="cyan">
         <name>Veneer$$CMSE</name>
         <run_address>0x0</run_address>
         <size>0x0</size>
         <contents>
         </contents>
      </logical_group>
      <load_segment id="lg-1ef" display="no" color="cyan">
         <name>SEGMENT_0</name>
         <load_address>0x0</load_address>
         <run_address>0x0</run_address>
         <size>0x1690</size>
         <flags>0x5</flags>
         <contents>
            <logical_group_ref idref="lg-3"/>
            <logical_group_ref idref="lg-4"/>
            <logical_group_ref idref="lg-5"/>
            <logical_group_ref idref="lg-6"/>
         </contents>
      </load_segment>
      <load_segment id="lg-1f0" display="no" color="cyan">
         <name>SEGMENT_1</name>
         <run_address>0x20000000</run_address>
         <size>0x231</size>
         <flags>0x6</flags>
         <contents>
            <logical_group_ref idref="lg-d"/>
            <logical_group_ref idref="lg-a"/>
         </contents>
      </load_segment>
   </logical_group_list>
   <placement_map>
      <memory_area display="yes" color="green">
         <name>FLASH</name>
         <page_id>0x0</page_id>
         <origin>0x0</origin>
         <length>0x80000</length>
         <used_space>0x1690</used_space>
         <unused_space>0x7e970</unused_space>
         <attributes>RX</attributes>
         <usage_details>
            <allocated_space>
               <start_address>0x0</start_address>
               <size>0x208</size>
               <logical_group_ref idref="lg-3"/>
            </allocated_space>
            <allocated_space>
               <start_address>0x208</start_address>
               <size>0x144a</size>
               <logical_group_ref idref="lg-4"/>
            </allocated_space>
            <allocated_space>
               <start_address>0x1652</start_address>
               <size>0x6</size>
               <logical_group_ref idref="lg-5"/>
            </allocated_space>
            <allocated_space>
               <start_address>0x1658</start_address>
               <size>0x38</size>
               <logical_group_ref idref="lg-6"/>
            </allocated_space>
            <available_space>
               <start_address>0x1690</start_address>
               <size>0x7e970</size>
            </available_space>
         </usage_details>
      </memory_area>
      <memory_area display="yes" color="green">
         <name>SRAM</name>
         <page_id>0x0</page_id>
         <origin>0x20000000</origin>
         <length>0x40000</length>
         <used_space>0x231</used_space>
         <unused_space>0x3fdcf</unused_space>
         <attributes>RWX</attributes>
         <usage_details>
            <allocated_space>
               <start_address>0x20000000</start_address>
               <size>0x0</size>
               <logical_group_ref idref="lg-1bf"/>
            </allocated_space>
            <allocated_space>
               <start_address>0x20000000</start_address>
               <size>0x200</size>
               <logical_group_ref idref="lg-d"/>
            </allocated_space>
            <allocated_space>
               <start_address>0x20000200</start_address>
               <size>0x31</size>
               <logical_group_ref idref="lg-a"/>
            </allocated_space>
            <available_space>
               <start_address>0x20000231</start_address>
               <size>0x3fdcf</size>
            </available_space>
         </usage_details>
      </memory_area>
   </placement_map>
   <cptbl_list>
      <cptbl>
         <name>__TI_cinit_table</name>
         <cprec>
            <name>.data</name>
            <load_address>0x1658</load_address>
            <load_size>0x27</load_size>
            <run_address>0x20000200</run_address>
            <run_size>0x31</run_size>
            <compression>lzss</compression>
         </cprec>
      </cptbl>
   </cptbl_list>
   <handler_table>
      <handler_table_name>__TI_handler_table</handler_table_name>
      <handler>
         <index>0x0</index>
         <name>__TI_decompress_lzss</name>
      </handler>
      <handler>
         <index>0x1</index>
         <name>__TI_decompress_none</name>
      </handler>
   </handler_table>
   <symbol_table>
      <symbol id="sm-1">
         <name>__STACK_TOP</name>
         <value>0x20000200</value>
      </symbol>
      <symbol id="sm-2">
         <name>__start___llvm_prf_cnts</name>
         <value>0x20000000</value>
      </symbol>
      <symbol id="sm-3">
         <name>__stop___llvm_prf_cnts</name>
         <value>0x20000000</value>
      </symbol>
      <symbol id="sm-4">
         <name>__TI_CINIT_Base</name>
         <value>0x1688</value>
      </symbol>
      <symbol id="sm-5">
         <name>__TI_CINIT_Limit</name>
         <value>0x1690</value>
      </symbol>
      <symbol id="sm-6">
         <name>__TI_Handler_Table_Base</name>
         <value>0x1680</value>
      </symbol>
      <symbol id="sm-7">
         <name>__TI_Handler_Table_Limit</name>
         <value>0x1688</value>
      </symbol>
      <symbol id="sm-8">
         <name>binit</name>
         <value>0xffffffff</value>
      </symbol>
      <symbol id="sm-9">
         <name>__binit__</name>
         <value>0xffffffff</value>
      </symbol>
      <symbol id="sm-a">
         <name>__STACK_SIZE</name>
         <value>0x200</value>
      </symbol>
      <symbol id="sm-b">
         <name>__STACK_END</name>
         <value>0x20000200</value>
      </symbol>
      <symbol id="sm-c">
         <name>__c_args__</name>
         <value>0xffffffff</value>
      </symbol>
      <symbol id="sm-d">
         <name>__TI_pprof_out_hndl</name>
         <value>0xffffffff</value>
      </symbol>
      <symbol id="sm-e">
         <name>__TI_prof_data_start</name>
         <value>0xffffffff</value>
      </symbol>
      <symbol id="sm-f">
         <name>__TI_prof_data_size</name>
         <value>0xffffffff</value>
      </symbol>
      <symbol id="sm-68">
         <name>ButtonCheck</name>
         <value>0x11e1</value>
         <object_component_ref idref="oc-9b"/>
      </symbol>
      <symbol id="sm-69">
         <name>main</name>
         <value>0x127f</value>
         <object_component_ref idref="oc-9b"/>
      </symbol>
      <symbol id="sm-6a">
         <name>pauseFlag</name>
         <value>0x20000230</value>
         <object_component_ref idref="oc-dd"/>
      </symbol>
      <symbol id="sm-95">
         <name>ResetISR</name>
         <value>0x163f</value>
         <object_component_ref idref="oc-27"/>
      </symbol>
      <symbol id="sm-96">
         <name>g_pfnVectors</name>
         <value>0x0</value>
         <object_component_ref idref="oc-12"/>
      </symbol>
      <symbol id="sm-a1">
         <name>read_PB</name>
         <value>0x15e3</value>
         <object_component_ref idref="oc-c2"/>
      </symbol>
      <symbol id="sm-a2">
         <name>PB_init</name>
         <value>0x15c1</value>
         <object_component_ref idref="oc-c2"/>
      </symbol>
      <symbol id="sm-b8">
         <name>SSD_Write</name>
         <value>0x14f1</value>
         <object_component_ref idref="oc-d4"/>
      </symbol>
      <symbol id="sm-b9">
         <name>arr</name>
         <value>0x20000200</value>
         <object_component_ref idref="oc-13a"/>
      </symbol>
      <symbol id="sm-ba">
         <name>SSD_init</name>
         <value>0x148d</value>
         <object_component_ref idref="oc-d4"/>
      </symbol>
      <symbol id="sm-183">
         <name>DIO_Start</name>
         <value>0x209</value>
         <object_component_ref idref="oc-12c"/>
      </symbol>
      <symbol id="sm-184">
         <name>DIO_readChannel</name>
         <value>0xfa9</value>
         <object_component_ref idref="oc-12c"/>
      </symbol>
      <symbol id="sm-185">
         <name>DIO_setPinDirection</name>
         <value>0x499</value>
         <object_component_ref idref="oc-12c"/>
      </symbol>
      <symbol id="sm-186">
         <name>DIO_writePin</name>
         <value>0x243</value>
         <object_component_ref idref="oc-12c"/>
      </symbol>
      <symbol id="sm-187">
         <name>DIO_PDR</name>
         <value>0xeab</value>
         <object_component_ref idref="oc-12c"/>
      </symbol>
      <symbol id="sm-188">
         <name>DIO_writeChannel</name>
         <value>0xef5</value>
         <object_component_ref idref="oc-12c"/>
      </symbol>
      <symbol id="sm-189">
         <name>DIOInit</name>
         <value>0xec1</value>
         <object_component_ref idref="oc-12c"/>
      </symbol>
      <symbol id="sm-18a">
         <name>DIO_writePort</name>
         <value>0xe21</value>
         <object_component_ref idref="oc-12c"/>
      </symbol>
      <symbol id="sm-18b">
         <name>DIO_readPort</name>
         <value>0xd91</value>
         <object_component_ref idref="oc-12c"/>
      </symbol>
      <symbol id="sm-18c">
         <name>DIO_readPin</name>
         <value>0x399</value>
         <object_component_ref idref="oc-12c"/>
      </symbol>
      <symbol id="sm-18d">
         <name>DIO_PUR</name>
         <value>0xe9b</value>
         <object_component_ref idref="oc-12c"/>
      </symbol>
      <symbol id="sm-1a9">
         <name>RCC_Init</name>
         <value>0x1059</value>
         <object_component_ref idref="oc-ce"/>
      </symbol>
      <symbol id="sm-1aa">
         <name>PLL_Init</name>
         <value>0x1101</value>
         <object_component_ref idref="oc-ce"/>
      </symbol>
      <symbol id="sm-1bb">
         <name>Systick_Config30</name>
         <value>0x1655</value>
         <object_component_ref idref="oc-da"/>
      </symbol>
      <symbol id="sm-1bc">
         <name>Systick_Config1000</name>
         <value>0x1652</value>
         <object_component_ref idref="oc-e0"/>
      </symbol>
      <symbol id="sm-1dd">
         <name>SysTick_Handler</name>
         <value>0x13d1</value>
         <object_component_ref idref="oc-c8"/>
      </symbol>
      <symbol id="sm-1de">
         <name>SysTick_Stop</name>
         <value>0x13b9</value>
         <object_component_ref idref="oc-c8"/>
      </symbol>
      <symbol id="sm-1df">
         <name>Systick_Init</name>
         <value>0x132d</value>
         <object_component_ref idref="oc-c8"/>
      </symbol>
      <symbol id="sm-1e0">
         <name>SysTick_SetCallBack</name>
         <value>0x13c1</value>
         <object_component_ref idref="oc-c8"/>
      </symbol>
      <symbol id="sm-1f8">
         <name>__TI_decompress_none</name>
         <value>0x1631</value>
         <object_component_ref idref="oc-1b"/>
      </symbol>
      <symbol id="sm-21b">
         <name>__TI_decompress_lzss</name>
         <value>0x1515</value>
         <object_component_ref idref="oc-15"/>
      </symbol>
      <symbol id="sm-22e">
         <name>__stack</name>
         <value>0x20000000</value>
         <object_component_ref idref="oc-24"/>
      </symbol>
      <symbol id="sm-22f">
         <name>_c_int00_noargs</name>
         <value>0x15fd</value>
         <object_component_ref idref="oc-59"/>
      </symbol>
      <symbol id="sm-24a">
         <name>memcpy</name>
         <value>0x13f1</value>
         <object_component_ref idref="oc-3b"/>
      </symbol>
      <symbol id="sm-24b">
         <name>__aeabi_memcpy</name>
         <value>0x13f1</value>
         <object_component_ref idref="oc-3b"/>
      </symbol>
      <symbol id="sm-24c">
         <name>__aeabi_memcpy8</name>
         <value>0x13f1</value>
         <object_component_ref idref="oc-3b"/>
      </symbol>
      <symbol id="sm-24d">
         <name>__aeabi_memcpy4</name>
         <value>0x13f1</value>
         <object_component_ref idref="oc-3b"/>
      </symbol>
      <symbol id="sm-276">
         <name>__TI_auto_init_nobinit_nopinit</name>
         <value>0x157d</value>
         <object_component_ref idref="oc-fa"/>
      </symbol>
      <symbol id="sm-280">
         <name>_system_pre_init</name>
         <value>0x164b</value>
         <object_component_ref idref="oc-95"/>
      </symbol>
      <symbol id="sm-28c">
         <name>C$$EXIT</name>
         <value>0x164f</value>
         <object_component_ref idref="oc-ee"/>
      </symbol>
      <symbol id="sm-28d">
         <name>abort</name>
         <value>0x164f</value>
         <object_component_ref idref="oc-ee"/>
      </symbol>
      <symbol id="sm-290">
         <name>__TI_static_base__</name>
         <value>0x0</value>
      </symbol>
      <symbol id="sm-293">
         <name>__mpu_init</name>
         <value>0x0</value>
      </symbol>
      <symbol id="sm-294">
         <name>_system_post_cinit</name>
         <value>0x0</value>
      </symbol>
   </symbol_table>
   <title>Link successful</title>
</link_info>
